<?xml version="1.0" encoding="UTF-8"?>
<testsuites>
  <testsuite name="C:\Projects\Laravel\zimmz\phpunit.xml" tests="9" assertions="0" errors="9" failures="0" skipped="0" time="0.000000">
    <testsuite name="Feature" tests="9" assertions="0" errors="9" failures="0" skipped="0" time="0.000000">
      <testsuite name="Tests\Feature\OrderApiTest" file="tests\Feature\OrderApiTest.php" tests="9" assertions="0" errors="9" failures="0" skipped="0" time="0.000000">
        <testcase name="can list all statuses when status is null" file="tests\Feature\OrderApiTest.php::can list all statuses when status is null" class="Tests\Feature\OrderApiTest" classname="Tests.Feature.OrderApiTest" assertions="0" time="0.000000">
          <error type="Illuminate\Database\QueryException">can list all statuses when status is nullIlluminate\Database\QueryException: SQLSTATE[HY000]: General error: 1 error in index pages_slug_unique after drop column: no such column: "slug" - should this be a string literal in single-quotes? (Connection: sqlite, Database: :memory:, SQL: alter table "pages" drop column "slug")&#13;
at vendor\laravel\framework\src\Illuminate\Database\Connection.php:584
at vendor\laravel\framework\src\Illuminate\Database\Connection.php:827
at vendor\laravel\framework\src\Illuminate\Database\Connection.php:794
at vendor\laravel\framework\src\Illuminate\Database\Connection.php:573
at vendor\laravel\framework\src\Illuminate\Database\Schema\Blueprint.php:121
at vendor\laravel\framework\src\Illuminate\Database\Schema\Builder.php:686
at vendor\laravel\framework\src\Illuminate\Database\Schema\Builder.php:494
at vendor\laravel\framework\src\Illuminate\Support\Facades\Facade.php:363
at database\migrations\2026_02_27_090633_update_pages_table_use_title.php:14
at vendor\laravel\framework\src\Illuminate\Database\Migrations\Migrator.php:517
at vendor\laravel\framework\src\Illuminate\Database\Migrations\Migrator.php:442
at vendor\laravel\framework\src\Illuminate\Database\Migrations\Migrator.php:451
at vendor\laravel\framework\src\Illuminate\Database\Migrations\Migrator.php:253
at vendor\laravel\framework\src\Illuminate\Console\View\Components\Task.php:41
at vendor\laravel\framework\src\Illuminate\Database\Migrations\Migrator.php:814
at vendor\laravel\framework\src\Illuminate\Database\Migrations\Migrator.php:253
at vendor\laravel\framework\src\Illuminate\Database\Migrations\Migrator.php:211
at vendor\laravel\framework\src\Illuminate\Database\Migrations\Migrator.php:138
at vendor\laravel\framework\src\Illuminate\Database\Console\Migrations\MigrateCommand.php:116
at vendor\laravel\framework\src\Illuminate\Database\Migrations\Migrator.php:671
at vendor\laravel\framework\src\Illuminate\Database\Console\Migrations\MigrateCommand.php:109
at vendor\laravel\framework\src\Illuminate\Database\Console\Migrations\MigrateCommand.php:88
at vendor\laravel\framework\src\Illuminate\Container\BoundMethod.php:36
at vendor\laravel\framework\src\Illuminate\Container\Util.php:43
at vendor\laravel\framework\src\Illuminate\Container\BoundMethod.php:96
at vendor\laravel\framework\src\Illuminate\Container\BoundMethod.php:35
at vendor\laravel\framework\src\Illuminate\Container\Container.php:799
at vendor\laravel\framework\src\Illuminate\Console\Command.php:211
at vendor\symfony\console\Command\Command.php:341
at vendor\laravel\framework\src\Illuminate\Console\Command.php:180
at vendor\laravel\framework\src\Illuminate\Console\Concerns\CallsCommands.php:68
at vendor\laravel\framework\src\Illuminate\Console\Concerns\CallsCommands.php:29
at vendor\laravel\framework\src\Illuminate\Database\Console\Migrations\FreshCommand.php:81
at vendor\laravel\framework\src\Illuminate\Container\BoundMethod.php:36
at vendor\laravel\framework\src\Illuminate\Container\Util.php:43
at vendor\laravel\framework\src\Illuminate\Container\BoundMethod.php:96
at vendor\laravel\framework\src\Illuminate\Container\BoundMethod.php:35
at vendor\laravel\framework\src\Illuminate\Container\Container.php:799
at vendor\laravel\framework\src\Illuminate\Console\Command.php:211
at vendor\symfony\console\Command\Command.php:341
at vendor\laravel\framework\src\Illuminate\Console\Command.php:180
at vendor\symfony\console\Application.php:1079
at vendor\symfony\console\Application.php:356
at vendor\symfony\console\Application.php:195
at vendor\laravel\framework\src\Illuminate\Console\Application.php:165
at vendor\laravel\framework\src\Illuminate\Foundation\Console\Kernel.php:447
at vendor\laravel\framework\src\Illuminate\Testing\PendingCommand.php:451
at vendor\laravel\framework\src\Illuminate\Testing\PendingCommand.php:675
at vendor\laravel\framework\src\Illuminate\Foundation\Testing\Concerns\InteractsWithConsole.php:87
at vendor\laravel\framework\src\Illuminate\Foundation\Testing\RefreshDatabase.php:119
at vendor\laravel\framework\src\Illuminate\Foundation\Testing\RefreshDatabase.php:84
at vendor\laravel\framework\src\Illuminate\Foundation\Testing\RefreshDatabase.php:25
at vendor\laravel\framework\src\Illuminate\Foundation\Testing\Concerns\InteractsWithTestCaseLifecycle.php:217
at vendor\laravel\framework\src\Illuminate\Foundation\Testing\Concerns\InteractsWithTestCaseLifecycle.php:101
at vendor\laravel\framework\src\Illuminate\Foundation\Testing\TestCase.php:63
Caused by
PDOException: SQLSTATE[HY000]: General error: 1 error in index pages_slug_unique after drop column: no such column: "slug" - should this be a string literal in single-quotes?

at vendor\laravel\framework\src\Illuminate\Database\Connection.php:584
at vendor\laravel\framework\src\Illuminate\Database\Connection.php:827
at vendor\laravel\framework\src\Illuminate\Database\Connection.php:794
at vendor\laravel\framework\src\Illuminate\Database\Connection.php:573
at vendor\laravel\framework\src\Illuminate\Database\Schema\Blueprint.php:121
at vendor\laravel\framework\src\Illuminate\Database\Schema\Builder.php:686
at vendor\laravel\framework\src\Illuminate\Database\Schema\Builder.php:494
at vendor\laravel\framework\src\Illuminate\Support\Facades\Facade.php:363
at database\migrations\2026_02_27_090633_update_pages_table_use_title.php:14
at vendor\laravel\framework\src\Illuminate\Database\Migrations\Migrator.php:517
at vendor\laravel\framework\src\Illuminate\Database\Migrations\Migrator.php:442
at vendor\laravel\framework\src\Illuminate\Database\Migrations\Migrator.php:451
at vendor\laravel\framework\src\Illuminate\Database\Migrations\Migrator.php:253
at vendor\laravel\framework\src\Illuminate\Console\View\Components\Task.php:41
at vendor\laravel\framework\src\Illuminate\Database\Migrations\Migrator.php:814
at vendor\laravel\framework\src\Illuminate\Database\Migrations\Migrator.php:253
at vendor\laravel\framework\src\Illuminate\Database\Migrations\Migrator.php:211
at vendor\laravel\framework\src\Illuminate\Database\Migrations\Migrator.php:138
at vendor\laravel\framework\src\Illuminate\Database\Console\Migrations\MigrateCommand.php:116
at vendor\laravel\framework\src\Illuminate\Database\Migrations\Migrator.php:671
at vendor\laravel\framework\src\Illuminate\Database\Console\Migrations\MigrateCommand.php:109
at vendor\laravel\framework\src\Illuminate\Database\Console\Migrations\MigrateCommand.php:88
at vendor\laravel\framework\src\Illuminate\Container\BoundMethod.php:36
at vendor\laravel\framework\src\Illuminate\Container\Util.php:43
at vendor\laravel\framework\src\Illuminate\Container\BoundMethod.php:96
at vendor\laravel\framework\src\Illuminate\Container\BoundMethod.php:35
at vendor\laravel\framework\src\Illuminate\Container\Container.php:799
at vendor\laravel\framework\src\Illuminate\Console\Command.php:211
at vendor\symfony\console\Command\Command.php:341
at vendor\laravel\framework\src\Illuminate\Console\Command.php:180
at vendor\laravel\framework\src\Illuminate\Console\Concerns\CallsCommands.php:68
at vendor\laravel\framework\src\Illuminate\Console\Concerns\CallsCommands.php:29
at vendor\laravel\framework\src\Illuminate\Database\Console\Migrations\FreshCommand.php:81
at vendor\laravel\framework\src\Illuminate\Container\BoundMethod.php:36
at vendor\laravel\framework\src\Illuminate\Container\Util.php:43
at vendor\laravel\framework\src\Illuminate\Container\BoundMethod.php:96
at vendor\laravel\framework\src\Illuminate\Container\BoundMethod.php:35
at vendor\laravel\framework\src\Illuminate\Container\Container.php:799
at vendor\laravel\framework\src\Illuminate\Console\Command.php:211
at vendor\symfony\console\Command\Command.php:341
at vendor\laravel\framework\src\Illuminate\Console\Command.php:180
at vendor\symfony\console\Application.php:1079
at vendor\symfony\console\Application.php:356
at vendor\symfony\console\Application.php:195
at vendor\laravel\framework\src\Illuminate\Console\Application.php:165
at vendor\laravel\framework\src\Illuminate\Foundation\Console\Kernel.php:447
at vendor\laravel\framework\src\Illuminate\Testing\PendingCommand.php:451
at vendor\laravel\framework\src\Illuminate\Testing\PendingCommand.php:675
at vendor\laravel\framework\src\Illuminate\Foundation\Testing\Concerns\InteractsWithConsole.php:87
at vendor\laravel\framework\src\Illuminate\Foundation\Testing\RefreshDatabase.php:119
at vendor\laravel\framework\src\Illuminate\Foundation\Testing\RefreshDatabase.php:84
at vendor\laravel\framework\src\Illuminate\Foundation\Testing\RefreshDatabase.php:25
at vendor\laravel\framework\src\Illuminate\Foundation\Testing\Concerns\InteractsWithTestCaseLifecycle.php:217
at vendor\laravel\framework\src\Illuminate\Foundation\Testing\Concerns\InteractsWithTestCaseLifecycle.php:101
at vendor\laravel\framework\src\Illuminate\Foundation\Testing\TestCase.php:63</error>
        </testcase>
        <testcase name="can list orders filtered by status" file="tests\Feature\OrderApiTest.php::can list orders filtered by status" class="Tests\Feature\OrderApiTest" classname="Tests.Feature.OrderApiTest" assertions="0" time="0.000000">
          <error type="Illuminate\Database\QueryException">can list orders filtered by statusIlluminate\Database\QueryException: SQLSTATE[HY000]: General error: 1 error in index pages_slug_unique after drop column: no such column: "slug" - should this be a string literal in single-quotes? (Connection: sqlite, Database: :memory:, SQL: alter table "pages" drop column "slug")&#13;
at vendor\laravel\framework\src\Illuminate\Database\Connection.php:584
at vendor\laravel\framework\src\Illuminate\Database\Connection.php:827
at vendor\laravel\framework\src\Illuminate\Database\Connection.php:794
at vendor\laravel\framework\src\Illuminate\Database\Connection.php:573
at vendor\laravel\framework\src\Illuminate\Database\Schema\Blueprint.php:121
at vendor\laravel\framework\src\Illuminate\Database\Schema\Builder.php:686
at vendor\laravel\framework\src\Illuminate\Database\Schema\Builder.php:494
at vendor\laravel\framework\src\Illuminate\Support\Facades\Facade.php:363
at database\migrations\2026_02_27_090633_update_pages_table_use_title.php:14
at vendor\laravel\framework\src\Illuminate\Database\Migrations\Migrator.php:517
at vendor\laravel\framework\src\Illuminate\Database\Migrations\Migrator.php:442
at vendor\laravel\framework\src\Illuminate\Database\Migrations\Migrator.php:451
at vendor\laravel\framework\src\Illuminate\Database\Migrations\Migrator.php:253
at vendor\laravel\framework\src\Illuminate\Console\View\Components\Task.php:41
at vendor\laravel\framework\src\Illuminate\Database\Migrations\Migrator.php:814
at vendor\laravel\framework\src\Illuminate\Database\Migrations\Migrator.php:253
at vendor\laravel\framework\src\Illuminate\Database\Migrations\Migrator.php:211
at vendor\laravel\framework\src\Illuminate\Database\Migrations\Migrator.php:138
at vendor\laravel\framework\src\Illuminate\Database\Console\Migrations\MigrateCommand.php:116
at vendor\laravel\framework\src\Illuminate\Database\Migrations\Migrator.php:671
at vendor\laravel\framework\src\Illuminate\Database\Console\Migrations\MigrateCommand.php:109
at vendor\laravel\framework\src\Illuminate\Database\Console\Migrations\MigrateCommand.php:88
at vendor\laravel\framework\src\Illuminate\Container\BoundMethod.php:36
at vendor\laravel\framework\src\Illuminate\Container\Util.php:43
at vendor\laravel\framework\src\Illuminate\Container\BoundMethod.php:96
at vendor\laravel\framework\src\Illuminate\Container\BoundMethod.php:35
at vendor\laravel\framework\src\Illuminate\Container\Container.php:799
at vendor\laravel\framework\src\Illuminate\Console\Command.php:211
at vendor\symfony\console\Command\Command.php:341
at vendor\laravel\framework\src\Illuminate\Console\Command.php:180
at vendor\laravel\framework\src\Illuminate\Console\Concerns\CallsCommands.php:68
at vendor\laravel\framework\src\Illuminate\Console\Concerns\CallsCommands.php:29
at vendor\laravel\framework\src\Illuminate\Database\Console\Migrations\FreshCommand.php:81
at vendor\laravel\framework\src\Illuminate\Container\BoundMethod.php:36
at vendor\laravel\framework\src\Illuminate\Container\Util.php:43
at vendor\laravel\framework\src\Illuminate\Container\BoundMethod.php:96
at vendor\laravel\framework\src\Illuminate\Container\BoundMethod.php:35
at vendor\laravel\framework\src\Illuminate\Container\Container.php:799
at vendor\laravel\framework\src\Illuminate\Console\Command.php:211
at vendor\symfony\console\Command\Command.php:341
at vendor\laravel\framework\src\Illuminate\Console\Command.php:180
at vendor\symfony\console\Application.php:1079
at vendor\symfony\console\Application.php:356
at vendor\symfony\console\Application.php:195
at vendor\laravel\framework\src\Illuminate\Console\Application.php:165
at vendor\laravel\framework\src\Illuminate\Foundation\Console\Kernel.php:447
at vendor\laravel\framework\src\Illuminate\Testing\PendingCommand.php:451
at vendor\laravel\framework\src\Illuminate\Testing\PendingCommand.php:675
at vendor\laravel\framework\src\Illuminate\Foundation\Testing\Concerns\InteractsWithConsole.php:87
at vendor\laravel\framework\src\Illuminate\Foundation\Testing\RefreshDatabase.php:119
at vendor\laravel\framework\src\Illuminate\Foundation\Testing\RefreshDatabase.php:84
at vendor\laravel\framework\src\Illuminate\Foundation\Testing\RefreshDatabase.php:25
at vendor\laravel\framework\src\Illuminate\Foundation\Testing\Concerns\InteractsWithTestCaseLifecycle.php:217
at vendor\laravel\framework\src\Illuminate\Foundation\Testing\Concerns\InteractsWithTestCaseLifecycle.php:101
at vendor\laravel\framework\src\Illuminate\Foundation\Testing\TestCase.php:63
Caused by
PDOException: SQLSTATE[HY000]: General error: 1 error in index pages_slug_unique after drop column: no such column: "slug" - should this be a string literal in single-quotes?

at vendor\laravel\framework\src\Illuminate\Database\Connection.php:584
at vendor\laravel\framework\src\Illuminate\Database\Connection.php:827
at vendor\laravel\framework\src\Illuminate\Database\Connection.php:794
at vendor\laravel\framework\src\Illuminate\Database\Connection.php:573
at vendor\laravel\framework\src\Illuminate\Database\Schema\Blueprint.php:121
at vendor\laravel\framework\src\Illuminate\Database\Schema\Builder.php:686
at vendor\laravel\framework\src\Illuminate\Database\Schema\Builder.php:494
at vendor\laravel\framework\src\Illuminate\Support\Facades\Facade.php:363
at database\migrations\2026_02_27_090633_update_pages_table_use_title.php:14
at vendor\laravel\framework\src\Illuminate\Database\Migrations\Migrator.php:517
at vendor\laravel\framework\src\Illuminate\Database\Migrations\Migrator.php:442
at vendor\laravel\framework\src\Illuminate\Database\Migrations\Migrator.php:451
at vendor\laravel\framework\src\Illuminate\Database\Migrations\Migrator.php:253
at vendor\laravel\framework\src\Illuminate\Console\View\Components\Task.php:41
at vendor\laravel\framework\src\Illuminate\Database\Migrations\Migrator.php:814
at vendor\laravel\framework\src\Illuminate\Database\Migrations\Migrator.php:253
at vendor\laravel\framework\src\Illuminate\Database\Migrations\Migrator.php:211
at vendor\laravel\framework\src\Illuminate\Database\Migrations\Migrator.php:138
at vendor\laravel\framework\src\Illuminate\Database\Console\Migrations\MigrateCommand.php:116
at vendor\laravel\framework\src\Illuminate\Database\Migrations\Migrator.php:671
at vendor\laravel\framework\src\Illuminate\Database\Console\Migrations\MigrateCommand.php:109
at vendor\laravel\framework\src\Illuminate\Database\Console\Migrations\MigrateCommand.php:88
at vendor\laravel\framework\src\Illuminate\Container\BoundMethod.php:36
at vendor\laravel\framework\src\Illuminate\Container\Util.php:43
at vendor\laravel\framework\src\Illuminate\Container\BoundMethod.php:96
at vendor\laravel\framework\src\Illuminate\Container\BoundMethod.php:35
at vendor\laravel\framework\src\Illuminate\Container\Container.php:799
at vendor\laravel\framework\src\Illuminate\Console\Command.php:211
at vendor\symfony\console\Command\Command.php:341
at vendor\laravel\framework\src\Illuminate\Console\Command.php:180
at vendor\laravel\framework\src\Illuminate\Console\Concerns\CallsCommands.php:68
at vendor\laravel\framework\src\Illuminate\Console\Concerns\CallsCommands.php:29
at vendor\laravel\framework\src\Illuminate\Database\Console\Migrations\FreshCommand.php:81
at vendor\laravel\framework\src\Illuminate\Container\BoundMethod.php:36
at vendor\laravel\framework\src\Illuminate\Container\Util.php:43
at vendor\laravel\framework\src\Illuminate\Container\BoundMethod.php:96
at vendor\laravel\framework\src\Illuminate\Container\BoundMethod.php:35
at vendor\laravel\framework\src\Illuminate\Container\Container.php:799
at vendor\laravel\framework\src\Illuminate\Console\Command.php:211
at vendor\symfony\console\Command\Command.php:341
at vendor\laravel\framework\src\Illuminate\Console\Command.php:180
at vendor\symfony\console\Application.php:1079
at vendor\symfony\console\Application.php:356
at vendor\symfony\console\Application.php:195
at vendor\laravel\framework\src\Illuminate\Console\Application.php:165
at vendor\laravel\framework\src\Illuminate\Foundation\Console\Kernel.php:447
at vendor\laravel\framework\src\Illuminate\Testing\PendingCommand.php:451
at vendor\laravel\framework\src\Illuminate\Testing\PendingCommand.php:675
at vendor\laravel\framework\src\Illuminate\Foundation\Testing\Concerns\InteractsWithConsole.php:87
at vendor\laravel\framework\src\Illuminate\Foundation\Testing\RefreshDatabase.php:119
at vendor\laravel\framework\src\Illuminate\Foundation\Testing\RefreshDatabase.php:84
at vendor\laravel\framework\src\Illuminate\Foundation\Testing\RefreshDatabase.php:25
at vendor\laravel\framework\src\Illuminate\Foundation\Testing\Concerns\InteractsWithTestCaseLifecycle.php:217
at vendor\laravel\framework\src\Illuminate\Foundation\Testing\Concerns\InteractsWithTestCaseLifecycle.php:101
at vendor\laravel\framework\src\Illuminate\Foundation\Testing\TestCase.php:63</error>
        </testcase>
        <testcase name="can create food delivery order" file="tests\Feature\OrderApiTest.php::can create food delivery order" class="Tests\Feature\OrderApiTest" classname="Tests.Feature.OrderApiTest" assertions="0" time="0.000000">
          <error type="Illuminate\Database\QueryException">can create food delivery orderIlluminate\Database\QueryException: SQLSTATE[HY000]: General error: 1 error in index pages_slug_unique after drop column: no such column: "slug" - should this be a string literal in single-quotes? (Connection: sqlite, Database: :memory:, SQL: alter table "pages" drop column "slug")&#13;
at vendor\laravel\framework\src\Illuminate\Database\Connection.php:584
at vendor\laravel\framework\src\Illuminate\Database\Connection.php:827
at vendor\laravel\framework\src\Illuminate\Database\Connection.php:794
at vendor\laravel\framework\src\Illuminate\Database\Connection.php:573
at vendor\laravel\framework\src\Illuminate\Database\Schema\Blueprint.php:121
at vendor\laravel\framework\src\Illuminate\Database\Schema\Builder.php:686
at vendor\laravel\framework\src\Illuminate\Database\Schema\Builder.php:494
at vendor\laravel\framework\src\Illuminate\Support\Facades\Facade.php:363
at database\migrations\2026_02_27_090633_update_pages_table_use_title.php:14
at vendor\laravel\framework\src\Illuminate\Database\Migrations\Migrator.php:517
at vendor\laravel\framework\src\Illuminate\Database\Migrations\Migrator.php:442
at vendor\laravel\framework\src\Illuminate\Database\Migrations\Migrator.php:451
at vendor\laravel\framework\src\Illuminate\Database\Migrations\Migrator.php:253
at vendor\laravel\framework\src\Illuminate\Console\View\Components\Task.php:41
at vendor\laravel\framework\src\Illuminate\Database\Migrations\Migrator.php:814
at vendor\laravel\framework\src\Illuminate\Database\Migrations\Migrator.php:253
at vendor\laravel\framework\src\Illuminate\Database\Migrations\Migrator.php:211
at vendor\laravel\framework\src\Illuminate\Database\Migrations\Migrator.php:138
at vendor\laravel\framework\src\Illuminate\Database\Console\Migrations\MigrateCommand.php:116
at vendor\laravel\framework\src\Illuminate\Database\Migrations\Migrator.php:671
at vendor\laravel\framework\src\Illuminate\Database\Console\Migrations\MigrateCommand.php:109
at vendor\laravel\framework\src\Illuminate\Database\Console\Migrations\MigrateCommand.php:88
at vendor\laravel\framework\src\Illuminate\Container\BoundMethod.php:36
at vendor\laravel\framework\src\Illuminate\Container\Util.php:43
at vendor\laravel\framework\src\Illuminate\Container\BoundMethod.php:96
at vendor\laravel\framework\src\Illuminate\Container\BoundMethod.php:35
at vendor\laravel\framework\src\Illuminate\Container\Container.php:799
at vendor\laravel\framework\src\Illuminate\Console\Command.php:211
at vendor\symfony\console\Command\Command.php:341
at vendor\laravel\framework\src\Illuminate\Console\Command.php:180
at vendor\laravel\framework\src\Illuminate\Console\Concerns\CallsCommands.php:68
at vendor\laravel\framework\src\Illuminate\Console\Concerns\CallsCommands.php:29
at vendor\laravel\framework\src\Illuminate\Database\Console\Migrations\FreshCommand.php:81
at vendor\laravel\framework\src\Illuminate\Container\BoundMethod.php:36
at vendor\laravel\framework\src\Illuminate\Container\Util.php:43
at vendor\laravel\framework\src\Illuminate\Container\BoundMethod.php:96
at vendor\laravel\framework\src\Illuminate\Container\BoundMethod.php:35
at vendor\laravel\framework\src\Illuminate\Container\Container.php:799
at vendor\laravel\framework\src\Illuminate\Console\Command.php:211
at vendor\symfony\console\Command\Command.php:341
at vendor\laravel\framework\src\Illuminate\Console\Command.php:180
at vendor\symfony\console\Application.php:1079
at vendor\symfony\console\Application.php:356
at vendor\symfony\console\Application.php:195
at vendor\laravel\framework\src\Illuminate\Console\Application.php:165
at vendor\laravel\framework\src\Illuminate\Foundation\Console\Kernel.php:447
at vendor\laravel\framework\src\Illuminate\Testing\PendingCommand.php:451
at vendor\laravel\framework\src\Illuminate\Testing\PendingCommand.php:675
at vendor\laravel\framework\src\Illuminate\Foundation\Testing\Concerns\InteractsWithConsole.php:87
at vendor\laravel\framework\src\Illuminate\Foundation\Testing\RefreshDatabase.php:119
at vendor\laravel\framework\src\Illuminate\Foundation\Testing\RefreshDatabase.php:84
at vendor\laravel\framework\src\Illuminate\Foundation\Testing\RefreshDatabase.php:25
at vendor\laravel\framework\src\Illuminate\Foundation\Testing\Concerns\InteractsWithTestCaseLifecycle.php:217
at vendor\laravel\framework\src\Illuminate\Foundation\Testing\Concerns\InteractsWithTestCaseLifecycle.php:101
at vendor\laravel\framework\src\Illuminate\Foundation\Testing\TestCase.php:63
Caused by
PDOException: SQLSTATE[HY000]: General error: 1 error in index pages_slug_unique after drop column: no such column: "slug" - should this be a string literal in single-quotes?

at vendor\laravel\framework\src\Illuminate\Database\Connection.php:584
at vendor\laravel\framework\src\Illuminate\Database\Connection.php:827
at vendor\laravel\framework\src\Illuminate\Database\Connection.php:794
at vendor\laravel\framework\src\Illuminate\Database\Connection.php:573
at vendor\laravel\framework\src\Illuminate\Database\Schema\Blueprint.php:121
at vendor\laravel\framework\src\Illuminate\Database\Schema\Builder.php:686
at vendor\laravel\framework\src\Illuminate\Database\Schema\Builder.php:494
at vendor\laravel\framework\src\Illuminate\Support\Facades\Facade.php:363
at database\migrations\2026_02_27_090633_update_pages_table_use_title.php:14
at vendor\laravel\framework\src\Illuminate\Database\Migrations\Migrator.php:517
at vendor\laravel\framework\src\Illuminate\Database\Migrations\Migrator.php:442
at vendor\laravel\framework\src\Illuminate\Database\Migrations\Migrator.php:451
at vendor\laravel\framework\src\Illuminate\Database\Migrations\Migrator.php:253
at vendor\laravel\framework\src\Illuminate\Console\View\Components\Task.php:41
at vendor\laravel\framework\src\Illuminate\Database\Migrations\Migrator.php:814
at vendor\laravel\framework\src\Illuminate\Database\Migrations\Migrator.php:253
at vendor\laravel\framework\src\Illuminate\Database\Migrations\Migrator.php:211
at vendor\laravel\framework\src\Illuminate\Database\Migrations\Migrator.php:138
at vendor\laravel\framework\src\Illuminate\Database\Console\Migrations\MigrateCommand.php:116
at vendor\laravel\framework\src\Illuminate\Database\Migrations\Migrator.php:671
at vendor\laravel\framework\src\Illuminate\Database\Console\Migrations\MigrateCommand.php:109
at vendor\laravel\framework\src\Illuminate\Database\Console\Migrations\MigrateCommand.php:88
at vendor\laravel\framework\src\Illuminate\Container\BoundMethod.php:36
at vendor\laravel\framework\src\Illuminate\Container\Util.php:43
at vendor\laravel\framework\src\Illuminate\Container\BoundMethod.php:96
at vendor\laravel\framework\src\Illuminate\Container\BoundMethod.php:35
at vendor\laravel\framework\src\Illuminate\Container\Container.php:799
at vendor\laravel\framework\src\Illuminate\Console\Command.php:211
at vendor\symfony\console\Command\Command.php:341
at vendor\laravel\framework\src\Illuminate\Console\Command.php:180
at vendor\laravel\framework\src\Illuminate\Console\Concerns\CallsCommands.php:68
at vendor\laravel\framework\src\Illuminate\Console\Concerns\CallsCommands.php:29
at vendor\laravel\framework\src\Illuminate\Database\Console\Migrations\FreshCommand.php:81
at vendor\laravel\framework\src\Illuminate\Container\BoundMethod.php:36
at vendor\laravel\framework\src\Illuminate\Container\Util.php:43
at vendor\laravel\framework\src\Illuminate\Container\BoundMethod.php:96
at vendor\laravel\framework\src\Illuminate\Container\BoundMethod.php:35
at vendor\laravel\framework\src\Illuminate\Container\Container.php:799
at vendor\laravel\framework\src\Illuminate\Console\Command.php:211
at vendor\symfony\console\Command\Command.php:341
at vendor\laravel\framework\src\Illuminate\Console\Command.php:180
at vendor\symfony\console\Application.php:1079
at vendor\symfony\console\Application.php:356
at vendor\symfony\console\Application.php:195
at vendor\laravel\framework\src\Illuminate\Console\Application.php:165
at vendor\laravel\framework\src\Illuminate\Foundation\Console\Kernel.php:447
at vendor\laravel\framework\src\Illuminate\Testing\PendingCommand.php:451
at vendor\laravel\framework\src\Illuminate\Testing\PendingCommand.php:675
at vendor\laravel\framework\src\Illuminate\Foundation\Testing\Concerns\InteractsWithConsole.php:87
at vendor\laravel\framework\src\Illuminate\Foundation\Testing\RefreshDatabase.php:119
at vendor\laravel\framework\src\Illuminate\Foundation\Testing\RefreshDatabase.php:84
at vendor\laravel\framework\src\Illuminate\Foundation\Testing\RefreshDatabase.php:25
at vendor\laravel\framework\src\Illuminate\Foundation\Testing\Concerns\InteractsWithTestCaseLifecycle.php:217
at vendor\laravel\framework\src\Illuminate\Foundation\Testing\Concerns\InteractsWithTestCaseLifecycle.php:101
at vendor\laravel\framework\src\Illuminate\Foundation\Testing\TestCase.php:63</error>
        </testcase>
        <testcase name="can create ferry drop order" file="tests\Feature\OrderApiTest.php::can create ferry drop order" class="Tests\Feature\OrderApiTest" classname="Tests.Feature.OrderApiTest" assertions="0" time="0.000000">
          <error type="Illuminate\Database\QueryException">can create ferry drop orderIlluminate\Database\QueryException: SQLSTATE[HY000]: General error: 1 error in index pages_slug_unique after drop column: no such column: "slug" - should this be a string literal in single-quotes? (Connection: sqlite, Database: :memory:, SQL: alter table "pages" drop column "slug")&#13;
at vendor\laravel\framework\src\Illuminate\Database\Connection.php:584
at vendor\laravel\framework\src\Illuminate\Database\Connection.php:827
at vendor\laravel\framework\src\Illuminate\Database\Connection.php:794
at vendor\laravel\framework\src\Illuminate\Database\Connection.php:573
at vendor\laravel\framework\src\Illuminate\Database\Schema\Blueprint.php:121
at vendor\laravel\framework\src\Illuminate\Database\Schema\Builder.php:686
at vendor\laravel\framework\src\Illuminate\Database\Schema\Builder.php:494
at vendor\laravel\framework\src\Illuminate\Support\Facades\Facade.php:363
at database\migrations\2026_02_27_090633_update_pages_table_use_title.php:14
at vendor\laravel\framework\src\Illuminate\Database\Migrations\Migrator.php:517
at vendor\laravel\framework\src\Illuminate\Database\Migrations\Migrator.php:442
at vendor\laravel\framework\src\Illuminate\Database\Migrations\Migrator.php:451
at vendor\laravel\framework\src\Illuminate\Database\Migrations\Migrator.php:253
at vendor\laravel\framework\src\Illuminate\Console\View\Components\Task.php:41
at vendor\laravel\framework\src\Illuminate\Database\Migrations\Migrator.php:814
at vendor\laravel\framework\src\Illuminate\Database\Migrations\Migrator.php:253
at vendor\laravel\framework\src\Illuminate\Database\Migrations\Migrator.php:211
at vendor\laravel\framework\src\Illuminate\Database\Migrations\Migrator.php:138
at vendor\laravel\framework\src\Illuminate\Database\Console\Migrations\MigrateCommand.php:116
at vendor\laravel\framework\src\Illuminate\Database\Migrations\Migrator.php:671
at vendor\laravel\framework\src\Illuminate\Database\Console\Migrations\MigrateCommand.php:109
at vendor\laravel\framework\src\Illuminate\Database\Console\Migrations\MigrateCommand.php:88
at vendor\laravel\framework\src\Illuminate\Container\BoundMethod.php:36
at vendor\laravel\framework\src\Illuminate\Container\Util.php:43
at vendor\laravel\framework\src\Illuminate\Container\BoundMethod.php:96
at vendor\laravel\framework\src\Illuminate\Container\BoundMethod.php:35
at vendor\laravel\framework\src\Illuminate\Container\Container.php:799
at vendor\laravel\framework\src\Illuminate\Console\Command.php:211
at vendor\symfony\console\Command\Command.php:341
at vendor\laravel\framework\src\Illuminate\Console\Command.php:180
at vendor\laravel\framework\src\Illuminate\Console\Concerns\CallsCommands.php:68
at vendor\laravel\framework\src\Illuminate\Console\Concerns\CallsCommands.php:29
at vendor\laravel\framework\src\Illuminate\Database\Console\Migrations\FreshCommand.php:81
at vendor\laravel\framework\src\Illuminate\Container\BoundMethod.php:36
at vendor\laravel\framework\src\Illuminate\Container\Util.php:43
at vendor\laravel\framework\src\Illuminate\Container\BoundMethod.php:96
at vendor\laravel\framework\src\Illuminate\Container\BoundMethod.php:35
at vendor\laravel\framework\src\Illuminate\Container\Container.php:799
at vendor\laravel\framework\src\Illuminate\Console\Command.php:211
at vendor\symfony\console\Command\Command.php:341
at vendor\laravel\framework\src\Illuminate\Console\Command.php:180
at vendor\symfony\console\Application.php:1079
at vendor\symfony\console\Application.php:356
at vendor\symfony\console\Application.php:195
at vendor\laravel\framework\src\Illuminate\Console\Application.php:165
at vendor\laravel\framework\src\Illuminate\Foundation\Console\Kernel.php:447
at vendor\laravel\framework\src\Illuminate\Testing\PendingCommand.php:451
at vendor\laravel\framework\src\Illuminate\Testing\PendingCommand.php:675
at vendor\laravel\framework\src\Illuminate\Foundation\Testing\Concerns\InteractsWithConsole.php:87
at vendor\laravel\framework\src\Illuminate\Foundation\Testing\RefreshDatabase.php:119
at vendor\laravel\framework\src\Illuminate\Foundation\Testing\RefreshDatabase.php:84
at vendor\laravel\framework\src\Illuminate\Foundation\Testing\RefreshDatabase.php:25
at vendor\laravel\framework\src\Illuminate\Foundation\Testing\Concerns\InteractsWithTestCaseLifecycle.php:217
at vendor\laravel\framework\src\Illuminate\Foundation\Testing\Concerns\InteractsWithTestCaseLifecycle.php:101
at vendor\laravel\framework\src\Illuminate\Foundation\Testing\TestCase.php:63
Caused by
PDOException: SQLSTATE[HY000]: General error: 1 error in index pages_slug_unique after drop column: no such column: "slug" - should this be a string literal in single-quotes?

at vendor\laravel\framework\src\Illuminate\Database\Connection.php:584
at vendor\laravel\framework\src\Illuminate\Database\Connection.php:827
at vendor\laravel\framework\src\Illuminate\Database\Connection.php:794
at vendor\laravel\framework\src\Illuminate\Database\Connection.php:573
at vendor\laravel\framework\src\Illuminate\Database\Schema\Blueprint.php:121
at vendor\laravel\framework\src\Illuminate\Database\Schema\Builder.php:686
at vendor\laravel\framework\src\Illuminate\Database\Schema\Builder.php:494
at vendor\laravel\framework\src\Illuminate\Support\Facades\Facade.php:363
at database\migrations\2026_02_27_090633_update_pages_table_use_title.php:14
at vendor\laravel\framework\src\Illuminate\Database\Migrations\Migrator.php:517
at vendor\laravel\framework\src\Illuminate\Database\Migrations\Migrator.php:442
at vendor\laravel\framework\src\Illuminate\Database\Migrations\Migrator.php:451
at vendor\laravel\framework\src\Illuminate\Database\Migrations\Migrator.php:253
at vendor\laravel\framework\src\Illuminate\Console\View\Components\Task.php:41
at vendor\laravel\framework\src\Illuminate\Database\Migrations\Migrator.php:814
at vendor\laravel\framework\src\Illuminate\Database\Migrations\Migrator.php:253
at vendor\laravel\framework\src\Illuminate\Database\Migrations\Migrator.php:211
at vendor\laravel\framework\src\Illuminate\Database\Migrations\Migrator.php:138
at vendor\laravel\framework\src\Illuminate\Database\Console\Migrations\MigrateCommand.php:116
at vendor\laravel\framework\src\Illuminate\Database\Migrations\Migrator.php:671
at vendor\laravel\framework\src\Illuminate\Database\Console\Migrations\MigrateCommand.php:109
at vendor\laravel\framework\src\Illuminate\Database\Console\Migrations\MigrateCommand.php:88
at vendor\laravel\framework\src\Illuminate\Container\BoundMethod.php:36
at vendor\laravel\framework\src\Illuminate\Container\Util.php:43
at vendor\laravel\framework\src\Illuminate\Container\BoundMethod.php:96
at vendor\laravel\framework\src\Illuminate\Container\BoundMethod.php:35
at vendor\laravel\framework\src\Illuminate\Container\Container.php:799
at vendor\laravel\framework\src\Illuminate\Console\Command.php:211
at vendor\symfony\console\Command\Command.php:341
at vendor\laravel\framework\src\Illuminate\Console\Command.php:180
at vendor\laravel\framework\src\Illuminate\Console\Concerns\CallsCommands.php:68
at vendor\laravel\framework\src\Illuminate\Console\Concerns\CallsCommands.php:29
at vendor\laravel\framework\src\Illuminate\Database\Console\Migrations\FreshCommand.php:81
at vendor\laravel\framework\src\Illuminate\Container\BoundMethod.php:36
at vendor\laravel\framework\src\Illuminate\Container\Util.php:43
at vendor\laravel\framework\src\Illuminate\Container\BoundMethod.php:96
at vendor\laravel\framework\src\Illuminate\Container\BoundMethod.php:35
at vendor\laravel\framework\src\Illuminate\Container\Container.php:799
at vendor\laravel\framework\src\Illuminate\Console\Command.php:211
at vendor\symfony\console\Command\Command.php:341
at vendor\laravel\framework\src\Illuminate\Console\Command.php:180
at vendor\symfony\console\Application.php:1079
at vendor\symfony\console\Application.php:356
at vendor\symfony\console\Application.php:195
at vendor\laravel\framework\src\Illuminate\Console\Application.php:165
at vendor\laravel\framework\src\Illuminate\Foundation\Console\Kernel.php:447
at vendor\laravel\framework\src\Illuminate\Testing\PendingCommand.php:451
at vendor\laravel\framework\src\Illuminate\Testing\PendingCommand.php:675
at vendor\laravel\framework\src\Illuminate\Foundation\Testing\Concerns\InteractsWithConsole.php:87
at vendor\laravel\framework\src\Illuminate\Foundation\Testing\RefreshDatabase.php:119
at vendor\laravel\framework\src\Illuminate\Foundation\Testing\RefreshDatabase.php:84
at vendor\laravel\framework\src\Illuminate\Foundation\Testing\RefreshDatabase.php:25
at vendor\laravel\framework\src\Illuminate\Foundation\Testing\Concerns\InteractsWithTestCaseLifecycle.php:217
at vendor\laravel\framework\src\Illuminate\Foundation\Testing\Concerns\InteractsWithTestCaseLifecycle.php:101
at vendor\laravel\framework\src\Illuminate\Foundation\Testing\TestCase.php:63</error>
        </testcase>
        <testcase name="can update an order" file="tests\Feature\OrderApiTest.php::can update an order" class="Tests\Feature\OrderApiTest" classname="Tests.Feature.OrderApiTest" assertions="0" time="0.000000">
          <error type="Illuminate\Database\QueryException">can update an orderIlluminate\Database\QueryException: SQLSTATE[HY000]: General error: 1 error in index pages_slug_unique after drop column: no such column: "slug" - should this be a string literal in single-quotes? (Connection: sqlite, Database: :memory:, SQL: alter table "pages" drop column "slug")&#13;
at vendor\laravel\framework\src\Illuminate\Database\Connection.php:584
at vendor\laravel\framework\src\Illuminate\Database\Connection.php:827
at vendor\laravel\framework\src\Illuminate\Database\Connection.php:794
at vendor\laravel\framework\src\Illuminate\Database\Connection.php:573
at vendor\laravel\framework\src\Illuminate\Database\Schema\Blueprint.php:121
at vendor\laravel\framework\src\Illuminate\Database\Schema\Builder.php:686
at vendor\laravel\framework\src\Illuminate\Database\Schema\Builder.php:494
at vendor\laravel\framework\src\Illuminate\Support\Facades\Facade.php:363
at database\migrations\2026_02_27_090633_update_pages_table_use_title.php:14
at vendor\laravel\framework\src\Illuminate\Database\Migrations\Migrator.php:517
at vendor\laravel\framework\src\Illuminate\Database\Migrations\Migrator.php:442
at vendor\laravel\framework\src\Illuminate\Database\Migrations\Migrator.php:451
at vendor\laravel\framework\src\Illuminate\Database\Migrations\Migrator.php:253
at vendor\laravel\framework\src\Illuminate\Console\View\Components\Task.php:41
at vendor\laravel\framework\src\Illuminate\Database\Migrations\Migrator.php:814
at vendor\laravel\framework\src\Illuminate\Database\Migrations\Migrator.php:253
at vendor\laravel\framework\src\Illuminate\Database\Migrations\Migrator.php:211
at vendor\laravel\framework\src\Illuminate\Database\Migrations\Migrator.php:138
at vendor\laravel\framework\src\Illuminate\Database\Console\Migrations\MigrateCommand.php:116
at vendor\laravel\framework\src\Illuminate\Database\Migrations\Migrator.php:671
at vendor\laravel\framework\src\Illuminate\Database\Console\Migrations\MigrateCommand.php:109
at vendor\laravel\framework\src\Illuminate\Database\Console\Migrations\MigrateCommand.php:88
at vendor\laravel\framework\src\Illuminate\Container\BoundMethod.php:36
at vendor\laravel\framework\src\Illuminate\Container\Util.php:43
at vendor\laravel\framework\src\Illuminate\Container\BoundMethod.php:96
at vendor\laravel\framework\src\Illuminate\Container\BoundMethod.php:35
at vendor\laravel\framework\src\Illuminate\Container\Container.php:799
at vendor\laravel\framework\src\Illuminate\Console\Command.php:211
at vendor\symfony\console\Command\Command.php:341
at vendor\laravel\framework\src\Illuminate\Console\Command.php:180
at vendor\laravel\framework\src\Illuminate\Console\Concerns\CallsCommands.php:68
at vendor\laravel\framework\src\Illuminate\Console\Concerns\CallsCommands.php:29
at vendor\laravel\framework\src\Illuminate\Database\Console\Migrations\FreshCommand.php:81
at vendor\laravel\framework\src\Illuminate\Container\BoundMethod.php:36
at vendor\laravel\framework\src\Illuminate\Container\Util.php:43
at vendor\laravel\framework\src\Illuminate\Container\BoundMethod.php:96
at vendor\laravel\framework\src\Illuminate\Container\BoundMethod.php:35
at vendor\laravel\framework\src\Illuminate\Container\Container.php:799
at vendor\laravel\framework\src\Illuminate\Console\Command.php:211
at vendor\symfony\console\Command\Command.php:341
at vendor\laravel\framework\src\Illuminate\Console\Command.php:180
at vendor\symfony\console\Application.php:1079
at vendor\symfony\console\Application.php:356
at vendor\symfony\console\Application.php:195
at vendor\laravel\framework\src\Illuminate\Console\Application.php:165
at vendor\laravel\framework\src\Illuminate\Foundation\Console\Kernel.php:447
at vendor\laravel\framework\src\Illuminate\Testing\PendingCommand.php:451
at vendor\laravel\framework\src\Illuminate\Testing\PendingCommand.php:675
at vendor\laravel\framework\src\Illuminate\Foundation\Testing\Concerns\InteractsWithConsole.php:87
at vendor\laravel\framework\src\Illuminate\Foundation\Testing\RefreshDatabase.php:119
at vendor\laravel\framework\src\Illuminate\Foundation\Testing\RefreshDatabase.php:84
at vendor\laravel\framework\src\Illuminate\Foundation\Testing\RefreshDatabase.php:25
at vendor\laravel\framework\src\Illuminate\Foundation\Testing\Concerns\InteractsWithTestCaseLifecycle.php:217
at vendor\laravel\framework\src\Illuminate\Foundation\Testing\Concerns\InteractsWithTestCaseLifecycle.php:101
at vendor\laravel\framework\src\Illuminate\Foundation\Testing\TestCase.php:63
Caused by
PDOException: SQLSTATE[HY000]: General error: 1 error in index pages_slug_unique after drop column: no such column: "slug" - should this be a string literal in single-quotes?

at vendor\laravel\framework\src\Illuminate\Database\Connection.php:584
at vendor\laravel\framework\src\Illuminate\Database\Connection.php:827
at vendor\laravel\framework\src\Illuminate\Database\Connection.php:794
at vendor\laravel\framework\src\Illuminate\Database\Connection.php:573
at vendor\laravel\framework\src\Illuminate\Database\Schema\Blueprint.php:121
at vendor\laravel\framework\src\Illuminate\Database\Schema\Builder.php:686
at vendor\laravel\framework\src\Illuminate\Database\Schema\Builder.php:494
at vendor\laravel\framework\src\Illuminate\Support\Facades\Facade.php:363
at database\migrations\2026_02_27_090633_update_pages_table_use_title.php:14
at vendor\laravel\framework\src\Illuminate\Database\Migrations\Migrator.php:517
at vendor\laravel\framework\src\Illuminate\Database\Migrations\Migrator.php:442
at vendor\laravel\framework\src\Illuminate\Database\Migrations\Migrator.php:451
at vendor\laravel\framework\src\Illuminate\Database\Migrations\Migrator.php:253
at vendor\laravel\framework\src\Illuminate\Console\View\Components\Task.php:41
at vendor\laravel\framework\src\Illuminate\Database\Migrations\Migrator.php:814
at vendor\laravel\framework\src\Illuminate\Database\Migrations\Migrator.php:253
at vendor\laravel\framework\src\Illuminate\Database\Migrations\Migrator.php:211
at vendor\laravel\framework\src\Illuminate\Database\Migrations\Migrator.php:138
at vendor\laravel\framework\src\Illuminate\Database\Console\Migrations\MigrateCommand.php:116
at vendor\laravel\framework\src\Illuminate\Database\Migrations\Migrator.php:671
at vendor\laravel\framework\src\Illuminate\Database\Console\Migrations\MigrateCommand.php:109
at vendor\laravel\framework\src\Illuminate\Database\Console\Migrations\MigrateCommand.php:88
at vendor\laravel\framework\src\Illuminate\Container\BoundMethod.php:36
at vendor\laravel\framework\src\Illuminate\Container\Util.php:43
at vendor\laravel\framework\src\Illuminate\Container\BoundMethod.php:96
at vendor\laravel\framework\src\Illuminate\Container\BoundMethod.php:35
at vendor\laravel\framework\src\Illuminate\Container\Container.php:799
at vendor\laravel\framework\src\Illuminate\Console\Command.php:211
at vendor\symfony\console\Command\Command.php:341
at vendor\laravel\framework\src\Illuminate\Console\Command.php:180
at vendor\laravel\framework\src\Illuminate\Console\Concerns\CallsCommands.php:68
at vendor\laravel\framework\src\Illuminate\Console\Concerns\CallsCommands.php:29
at vendor\laravel\framework\src\Illuminate\Database\Console\Migrations\FreshCommand.php:81
at vendor\laravel\framework\src\Illuminate\Container\BoundMethod.php:36
at vendor\laravel\framework\src\Illuminate\Container\Util.php:43
at vendor\laravel\framework\src\Illuminate\Container\BoundMethod.php:96
at vendor\laravel\framework\src\Illuminate\Container\BoundMethod.php:35
at vendor\laravel\framework\src\Illuminate\Container\Container.php:799
at vendor\laravel\framework\src\Illuminate\Console\Command.php:211
at vendor\symfony\console\Command\Command.php:341
at vendor\laravel\framework\src\Illuminate\Console\Command.php:180
at vendor\symfony\console\Application.php:1079
at vendor\symfony\console\Application.php:356
at vendor\symfony\console\Application.php:195
at vendor\laravel\framework\src\Illuminate\Console\Application.php:165
at vendor\laravel\framework\src\Illuminate\Foundation\Console\Kernel.php:447
at vendor\laravel\framework\src\Illuminate\Testing\PendingCommand.php:451
at vendor\laravel\framework\src\Illuminate\Testing\PendingCommand.php:675
at vendor\laravel\framework\src\Illuminate\Foundation\Testing\Concerns\InteractsWithConsole.php:87
at vendor\laravel\framework\src\Illuminate\Foundation\Testing\RefreshDatabase.php:119
at vendor\laravel\framework\src\Illuminate\Foundation\Testing\RefreshDatabase.php:84
at vendor\laravel\framework\src\Illuminate\Foundation\Testing\RefreshDatabase.php:25
at vendor\laravel\framework\src\Illuminate\Foundation\Testing\Concerns\InteractsWithTestCaseLifecycle.php:217
at vendor\laravel\framework\src\Illuminate\Foundation\Testing\Concerns\InteractsWithTestCaseLifecycle.php:101
at vendor\laravel\framework\src\Illuminate\Foundation\Testing\TestCase.php:63</error>
        </testcase>
        <testcase name="can delete an order" file="tests\Feature\OrderApiTest.php::can delete an order" class="Tests\Feature\OrderApiTest" classname="Tests.Feature.OrderApiTest" assertions="0" time="0.000000">
          <error type="Illuminate\Database\QueryException">can delete an orderIlluminate\Database\QueryException: SQLSTATE[HY000]: General error: 1 error in index pages_slug_unique after drop column: no such column: "slug" - should this be a string literal in single-quotes? (Connection: sqlite, Database: :memory:, SQL: alter table "pages" drop column "slug")&#13;
at vendor\laravel\framework\src\Illuminate\Database\Connection.php:584
at vendor\laravel\framework\src\Illuminate\Database\Connection.php:827
at vendor\laravel\framework\src\Illuminate\Database\Connection.php:794
at vendor\laravel\framework\src\Illuminate\Database\Connection.php:573
at vendor\laravel\framework\src\Illuminate\Database\Schema\Blueprint.php:121
at vendor\laravel\framework\src\Illuminate\Database\Schema\Builder.php:686
at vendor\laravel\framework\src\Illuminate\Database\Schema\Builder.php:494
at vendor\laravel\framework\src\Illuminate\Support\Facades\Facade.php:363
at database\migrations\2026_02_27_090633_update_pages_table_use_title.php:14
at vendor\laravel\framework\src\Illuminate\Database\Migrations\Migrator.php:517
at vendor\laravel\framework\src\Illuminate\Database\Migrations\Migrator.php:442
at vendor\laravel\framework\src\Illuminate\Database\Migrations\Migrator.php:451
at vendor\laravel\framework\src\Illuminate\Database\Migrations\Migrator.php:253
at vendor\laravel\framework\src\Illuminate\Console\View\Components\Task.php:41
at vendor\laravel\framework\src\Illuminate\Database\Migrations\Migrator.php:814
at vendor\laravel\framework\src\Illuminate\Database\Migrations\Migrator.php:253
at vendor\laravel\framework\src\Illuminate\Database\Migrations\Migrator.php:211
at vendor\laravel\framework\src\Illuminate\Database\Migrations\Migrator.php:138
at vendor\laravel\framework\src\Illuminate\Database\Console\Migrations\MigrateCommand.php:116
at vendor\laravel\framework\src\Illuminate\Database\Migrations\Migrator.php:671
at vendor\laravel\framework\src\Illuminate\Database\Console\Migrations\MigrateCommand.php:109
at vendor\laravel\framework\src\Illuminate\Database\Console\Migrations\MigrateCommand.php:88
at vendor\laravel\framework\src\Illuminate\Container\BoundMethod.php:36
at vendor\laravel\framework\src\Illuminate\Container\Util.php:43
at vendor\laravel\framework\src\Illuminate\Container\BoundMethod.php:96
at vendor\laravel\framework\src\Illuminate\Container\BoundMethod.php:35
at vendor\laravel\framework\src\Illuminate\Container\Container.php:799
at vendor\laravel\framework\src\Illuminate\Console\Command.php:211
at vendor\symfony\console\Command\Command.php:341
at vendor\laravel\framework\src\Illuminate\Console\Command.php:180
at vendor\laravel\framework\src\Illuminate\Console\Concerns\CallsCommands.php:68
at vendor\laravel\framework\src\Illuminate\Console\Concerns\CallsCommands.php:29
at vendor\laravel\framework\src\Illuminate\Database\Console\Migrations\FreshCommand.php:81
at vendor\laravel\framework\src\Illuminate\Container\BoundMethod.php:36
at vendor\laravel\framework\src\Illuminate\Container\Util.php:43
at vendor\laravel\framework\src\Illuminate\Container\BoundMethod.php:96
at vendor\laravel\framework\src\Illuminate\Container\BoundMethod.php:35
at vendor\laravel\framework\src\Illuminate\Container\Container.php:799
at vendor\laravel\framework\src\Illuminate\Console\Command.php:211
at vendor\symfony\console\Command\Command.php:341
at vendor\laravel\framework\src\Illuminate\Console\Command.php:180
at vendor\symfony\console\Application.php:1079
at vendor\symfony\console\Application.php:356
at vendor\symfony\console\Application.php:195
at vendor\laravel\framework\src\Illuminate\Console\Application.php:165
at vendor\laravel\framework\src\Illuminate\Foundation\Console\Kernel.php:447
at vendor\laravel\framework\src\Illuminate\Testing\PendingCommand.php:451
at vendor\laravel\framework\src\Illuminate\Testing\PendingCommand.php:675
at vendor\laravel\framework\src\Illuminate\Foundation\Testing\Concerns\InteractsWithConsole.php:87
at vendor\laravel\framework\src\Illuminate\Foundation\Testing\RefreshDatabase.php:119
at vendor\laravel\framework\src\Illuminate\Foundation\Testing\RefreshDatabase.php:84
at vendor\laravel\framework\src\Illuminate\Foundation\Testing\RefreshDatabase.php:25
at vendor\laravel\framework\src\Illuminate\Foundation\Testing\Concerns\InteractsWithTestCaseLifecycle.php:217
at vendor\laravel\framework\src\Illuminate\Foundation\Testing\Concerns\InteractsWithTestCaseLifecycle.php:101
at vendor\laravel\framework\src\Illuminate\Foundation\Testing\TestCase.php:63
Caused by
PDOException: SQLSTATE[HY000]: General error: 1 error in index pages_slug_unique after drop column: no such column: "slug" - should this be a string literal in single-quotes?

at vendor\laravel\framework\src\Illuminate\Database\Connection.php:584
at vendor\laravel\framework\src\Illuminate\Database\Connection.php:827
at vendor\laravel\framework\src\Illuminate\Database\Connection.php:794
at vendor\laravel\framework\src\Illuminate\Database\Connection.php:573
at vendor\laravel\framework\src\Illuminate\Database\Schema\Blueprint.php:121
at vendor\laravel\framework\src\Illuminate\Database\Schema\Builder.php:686
at vendor\laravel\framework\src\Illuminate\Database\Schema\Builder.php:494
at vendor\laravel\framework\src\Illuminate\Support\Facades\Facade.php:363
at database\migrations\2026_02_27_090633_update_pages_table_use_title.php:14
at vendor\laravel\framework\src\Illuminate\Database\Migrations\Migrator.php:517
at vendor\laravel\framework\src\Illuminate\Database\Migrations\Migrator.php:442
at vendor\laravel\framework\src\Illuminate\Database\Migrations\Migrator.php:451
at vendor\laravel\framework\src\Illuminate\Database\Migrations\Migrator.php:253
at vendor\laravel\framework\src\Illuminate\Console\View\Components\Task.php:41
at vendor\laravel\framework\src\Illuminate\Database\Migrations\Migrator.php:814
at vendor\laravel\framework\src\Illuminate\Database\Migrations\Migrator.php:253
at vendor\laravel\framework\src\Illuminate\Database\Migrations\Migrator.php:211
at vendor\laravel\framework\src\Illuminate\Database\Migrations\Migrator.php:138
at vendor\laravel\framework\src\Illuminate\Database\Console\Migrations\MigrateCommand.php:116
at vendor\laravel\framework\src\Illuminate\Database\Migrations\Migrator.php:671
at vendor\laravel\framework\src\Illuminate\Database\Console\Migrations\MigrateCommand.php:109
at vendor\laravel\framework\src\Illuminate\Database\Console\Migrations\MigrateCommand.php:88
at vendor\laravel\framework\src\Illuminate\Container\BoundMethod.php:36
at vendor\laravel\framework\src\Illuminate\Container\Util.php:43
at vendor\laravel\framework\src\Illuminate\Container\BoundMethod.php:96
at vendor\laravel\framework\src\Illuminate\Container\BoundMethod.php:35
at vendor\laravel\framework\src\Illuminate\Container\Container.php:799
at vendor\laravel\framework\src\Illuminate\Console\Command.php:211
at vendor\symfony\console\Command\Command.php:341
at vendor\laravel\framework\src\Illuminate\Console\Command.php:180
at vendor\laravel\framework\src\Illuminate\Console\Concerns\CallsCommands.php:68
at vendor\laravel\framework\src\Illuminate\Console\Concerns\CallsCommands.php:29
at vendor\laravel\framework\src\Illuminate\Database\Console\Migrations\FreshCommand.php:81
at vendor\laravel\framework\src\Illuminate\Container\BoundMethod.php:36
at vendor\laravel\framework\src\Illuminate\Container\Util.php:43
at vendor\laravel\framework\src\Illuminate\Container\BoundMethod.php:96
at vendor\laravel\framework\src\Illuminate\Container\BoundMethod.php:35
at vendor\laravel\framework\src\Illuminate\Container\Container.php:799
at vendor\laravel\framework\src\Illuminate\Console\Command.php:211
at vendor\symfony\console\Command\Command.php:341
at vendor\laravel\framework\src\Illuminate\Console\Command.php:180
at vendor\symfony\console\Application.php:1079
at vendor\symfony\console\Application.php:356
at vendor\symfony\console\Application.php:195
at vendor\laravel\framework\src\Illuminate\Console\Application.php:165
at vendor\laravel\framework\src\Illuminate\Foundation\Console\Kernel.php:447
at vendor\laravel\framework\src\Illuminate\Testing\PendingCommand.php:451
at vendor\laravel\framework\src\Illuminate\Testing\PendingCommand.php:675
at vendor\laravel\framework\src\Illuminate\Foundation\Testing\Concerns\InteractsWithConsole.php:87
at vendor\laravel\framework\src\Illuminate\Foundation\Testing\RefreshDatabase.php:119
at vendor\laravel\framework\src\Illuminate\Foundation\Testing\RefreshDatabase.php:84
at vendor\laravel\framework\src\Illuminate\Foundation\Testing\RefreshDatabase.php:25
at vendor\laravel\framework\src\Illuminate\Foundation\Testing\Concerns\InteractsWithTestCaseLifecycle.php:217
at vendor\laravel\framework\src\Illuminate\Foundation\Testing\Concerns\InteractsWithTestCaseLifecycle.php:101
at vendor\laravel\framework\src\Illuminate\Foundation\Testing\TestCase.php:63</error>
        </testcase>
        <testcase name="can show order details" file="tests\Feature\OrderApiTest.php::can show order details" class="Tests\Feature\OrderApiTest" classname="Tests.Feature.OrderApiTest" assertions="0" time="0.000000">
          <error type="Illuminate\Database\QueryException">can show order detailsIlluminate\Database\QueryException: SQLSTATE[HY000]: General error: 1 error in index pages_slug_unique after drop column: no such column: "slug" - should this be a string literal in single-quotes? (Connection: sqlite, Database: :memory:, SQL: alter table "pages" drop column "slug")&#13;
at vendor\laravel\framework\src\Illuminate\Database\Connection.php:584
at vendor\laravel\framework\src\Illuminate\Database\Connection.php:827
at vendor\laravel\framework\src\Illuminate\Database\Connection.php:794
at vendor\laravel\framework\src\Illuminate\Database\Connection.php:573
at vendor\laravel\framework\src\Illuminate\Database\Schema\Blueprint.php:121
at vendor\laravel\framework\src\Illuminate\Database\Schema\Builder.php:686
at vendor\laravel\framework\src\Illuminate\Database\Schema\Builder.php:494
at vendor\laravel\framework\src\Illuminate\Support\Facades\Facade.php:363
at database\migrations\2026_02_27_090633_update_pages_table_use_title.php:14
at vendor\laravel\framework\src\Illuminate\Database\Migrations\Migrator.php:517
at vendor\laravel\framework\src\Illuminate\Database\Migrations\Migrator.php:442
at vendor\laravel\framework\src\Illuminate\Database\Migrations\Migrator.php:451
at vendor\laravel\framework\src\Illuminate\Database\Migrations\Migrator.php:253
at vendor\laravel\framework\src\Illuminate\Console\View\Components\Task.php:41
at vendor\laravel\framework\src\Illuminate\Database\Migrations\Migrator.php:814
at vendor\laravel\framework\src\Illuminate\Database\Migrations\Migrator.php:253
at vendor\laravel\framework\src\Illuminate\Database\Migrations\Migrator.php:211
at vendor\laravel\framework\src\Illuminate\Database\Migrations\Migrator.php:138
at vendor\laravel\framework\src\Illuminate\Database\Console\Migrations\MigrateCommand.php:116
at vendor\laravel\framework\src\Illuminate\Database\Migrations\Migrator.php:671
at vendor\laravel\framework\src\Illuminate\Database\Console\Migrations\MigrateCommand.php:109
at vendor\laravel\framework\src\Illuminate\Database\Console\Migrations\MigrateCommand.php:88
at vendor\laravel\framework\src\Illuminate\Container\BoundMethod.php:36
at vendor\laravel\framework\src\Illuminate\Container\Util.php:43
at vendor\laravel\framework\src\Illuminate\Container\BoundMethod.php:96
at vendor\laravel\framework\src\Illuminate\Container\BoundMethod.php:35
at vendor\laravel\framework\src\Illuminate\Container\Container.php:799
at vendor\laravel\framework\src\Illuminate\Console\Command.php:211
at vendor\symfony\console\Command\Command.php:341
at vendor\laravel\framework\src\Illuminate\Console\Command.php:180
at vendor\laravel\framework\src\Illuminate\Console\Concerns\CallsCommands.php:68
at vendor\laravel\framework\src\Illuminate\Console\Concerns\CallsCommands.php:29
at vendor\laravel\framework\src\Illuminate\Database\Console\Migrations\FreshCommand.php:81
at vendor\laravel\framework\src\Illuminate\Container\BoundMethod.php:36
at vendor\laravel\framework\src\Illuminate\Container\Util.php:43
at vendor\laravel\framework\src\Illuminate\Container\BoundMethod.php:96
at vendor\laravel\framework\src\Illuminate\Container\BoundMethod.php:35
at vendor\laravel\framework\src\Illuminate\Container\Container.php:799
at vendor\laravel\framework\src\Illuminate\Console\Command.php:211
at vendor\symfony\console\Command\Command.php:341
at vendor\laravel\framework\src\Illuminate\Console\Command.php:180
at vendor\symfony\console\Application.php:1079
at vendor\symfony\console\Application.php:356
at vendor\symfony\console\Application.php:195
at vendor\laravel\framework\src\Illuminate\Console\Application.php:165
at vendor\laravel\framework\src\Illuminate\Foundation\Console\Kernel.php:447
at vendor\laravel\framework\src\Illuminate\Testing\PendingCommand.php:451
at vendor\laravel\framework\src\Illuminate\Testing\PendingCommand.php:675
at vendor\laravel\framework\src\Illuminate\Foundation\Testing\Concerns\InteractsWithConsole.php:87
at vendor\laravel\framework\src\Illuminate\Foundation\Testing\RefreshDatabase.php:119
at vendor\laravel\framework\src\Illuminate\Foundation\Testing\RefreshDatabase.php:84
at vendor\laravel\framework\src\Illuminate\Foundation\Testing\RefreshDatabase.php:25
at vendor\laravel\framework\src\Illuminate\Foundation\Testing\Concerns\InteractsWithTestCaseLifecycle.php:217
at vendor\laravel\framework\src\Illuminate\Foundation\Testing\Concerns\InteractsWithTestCaseLifecycle.php:101
at vendor\laravel\framework\src\Illuminate\Foundation\Testing\TestCase.php:63
Caused by
PDOException: SQLSTATE[HY000]: General error: 1 error in index pages_slug_unique after drop column: no such column: "slug" - should this be a string literal in single-quotes?

at vendor\laravel\framework\src\Illuminate\Database\Connection.php:584
at vendor\laravel\framework\src\Illuminate\Database\Connection.php:827
at vendor\laravel\framework\src\Illuminate\Database\Connection.php:794
at vendor\laravel\framework\src\Illuminate\Database\Connection.php:573
at vendor\laravel\framework\src\Illuminate\Database\Schema\Blueprint.php:121
at vendor\laravel\framework\src\Illuminate\Database\Schema\Builder.php:686
at vendor\laravel\framework\src\Illuminate\Database\Schema\Builder.php:494
at vendor\laravel\framework\src\Illuminate\Support\Facades\Facade.php:363
at database\migrations\2026_02_27_090633_update_pages_table_use_title.php:14
at vendor\laravel\framework\src\Illuminate\Database\Migrations\Migrator.php:517
at vendor\laravel\framework\src\Illuminate\Database\Migrations\Migrator.php:442
at vendor\laravel\framework\src\Illuminate\Database\Migrations\Migrator.php:451
at vendor\laravel\framework\src\Illuminate\Database\Migrations\Migrator.php:253
at vendor\laravel\framework\src\Illuminate\Console\View\Components\Task.php:41
at vendor\laravel\framework\src\Illuminate\Database\Migrations\Migrator.php:814
at vendor\laravel\framework\src\Illuminate\Database\Migrations\Migrator.php:253
at vendor\laravel\framework\src\Illuminate\Database\Migrations\Migrator.php:211
at vendor\laravel\framework\src\Illuminate\Database\Migrations\Migrator.php:138
at vendor\laravel\framework\src\Illuminate\Database\Console\Migrations\MigrateCommand.php:116
at vendor\laravel\framework\src\Illuminate\Database\Migrations\Migrator.php:671
at vendor\laravel\framework\src\Illuminate\Database\Console\Migrations\MigrateCommand.php:109
at vendor\laravel\framework\src\Illuminate\Database\Console\Migrations\MigrateCommand.php:88
at vendor\laravel\framework\src\Illuminate\Container\BoundMethod.php:36
at vendor\laravel\framework\src\Illuminate\Container\Util.php:43
at vendor\laravel\framework\src\Illuminate\Container\BoundMethod.php:96
at vendor\laravel\framework\src\Illuminate\Container\BoundMethod.php:35
at vendor\laravel\framework\src\Illuminate\Container\Container.php:799
at vendor\laravel\framework\src\Illuminate\Console\Command.php:211
at vendor\symfony\console\Command\Command.php:341
at vendor\laravel\framework\src\Illuminate\Console\Command.php:180
at vendor\laravel\framework\src\Illuminate\Console\Concerns\CallsCommands.php:68
at vendor\laravel\framework\src\Illuminate\Console\Concerns\CallsCommands.php:29
at vendor\laravel\framework\src\Illuminate\Database\Console\Migrations\FreshCommand.php:81
at vendor\laravel\framework\src\Illuminate\Container\BoundMethod.php:36
at vendor\laravel\framework\src\Illuminate\Container\Util.php:43
at vendor\laravel\framework\src\Illuminate\Container\BoundMethod.php:96
at vendor\laravel\framework\src\Illuminate\Container\BoundMethod.php:35
at vendor\laravel\framework\src\Illuminate\Container\Container.php:799
at vendor\laravel\framework\src\Illuminate\Console\Command.php:211
at vendor\symfony\console\Command\Command.php:341
at vendor\laravel\framework\src\Illuminate\Console\Command.php:180
at vendor\symfony\console\Application.php:1079
at vendor\symfony\console\Application.php:356
at vendor\symfony\console\Application.php:195
at vendor\laravel\framework\src\Illuminate\Console\Application.php:165
at vendor\laravel\framework\src\Illuminate\Foundation\Console\Kernel.php:447
at vendor\laravel\framework\src\Illuminate\Testing\PendingCommand.php:451
at vendor\laravel\framework\src\Illuminate\Testing\PendingCommand.php:675
at vendor\laravel\framework\src\Illuminate\Foundation\Testing\Concerns\InteractsWithConsole.php:87
at vendor\laravel\framework\src\Illuminate\Foundation\Testing\RefreshDatabase.php:119
at vendor\laravel\framework\src\Illuminate\Foundation\Testing\RefreshDatabase.php:84
at vendor\laravel\framework\src\Illuminate\Foundation\Testing\RefreshDatabase.php:25
at vendor\laravel\framework\src\Illuminate\Foundation\Testing\Concerns\InteractsWithTestCaseLifecycle.php:217
at vendor\laravel\framework\src\Illuminate\Foundation\Testing\Concerns\InteractsWithTestCaseLifecycle.php:101
at vendor\laravel\framework\src\Illuminate\Foundation\Testing\TestCase.php:63</error>
        </testcase>
        <testcase name="can create order with files" file="tests\Feature\OrderApiTest.php::can create order with files" class="Tests\Feature\OrderApiTest" classname="Tests.Feature.OrderApiTest" assertions="0" time="0.000000">
          <error type="Illuminate\Database\QueryException">can create order with filesIlluminate\Database\QueryException: SQLSTATE[HY000]: General error: 1 error in index pages_slug_unique after drop column: no such column: "slug" - should this be a string literal in single-quotes? (Connection: sqlite, Database: :memory:, SQL: alter table "pages" drop column "slug")&#13;
at vendor\laravel\framework\src\Illuminate\Database\Connection.php:584
at vendor\laravel\framework\src\Illuminate\Database\Connection.php:827
at vendor\laravel\framework\src\Illuminate\Database\Connection.php:794
at vendor\laravel\framework\src\Illuminate\Database\Connection.php:573
at vendor\laravel\framework\src\Illuminate\Database\Schema\Blueprint.php:121
at vendor\laravel\framework\src\Illuminate\Database\Schema\Builder.php:686
at vendor\laravel\framework\src\Illuminate\Database\Schema\Builder.php:494
at vendor\laravel\framework\src\Illuminate\Support\Facades\Facade.php:363
at database\migrations\2026_02_27_090633_update_pages_table_use_title.php:14
at vendor\laravel\framework\src\Illuminate\Database\Migrations\Migrator.php:517
at vendor\laravel\framework\src\Illuminate\Database\Migrations\Migrator.php:442
at vendor\laravel\framework\src\Illuminate\Database\Migrations\Migrator.php:451
at vendor\laravel\framework\src\Illuminate\Database\Migrations\Migrator.php:253
at vendor\laravel\framework\src\Illuminate\Console\View\Components\Task.php:41
at vendor\laravel\framework\src\Illuminate\Database\Migrations\Migrator.php:814
at vendor\laravel\framework\src\Illuminate\Database\Migrations\Migrator.php:253
at vendor\laravel\framework\src\Illuminate\Database\Migrations\Migrator.php:211
at vendor\laravel\framework\src\Illuminate\Database\Migrations\Migrator.php:138
at vendor\laravel\framework\src\Illuminate\Database\Console\Migrations\MigrateCommand.php:116
at vendor\laravel\framework\src\Illuminate\Database\Migrations\Migrator.php:671
at vendor\laravel\framework\src\Illuminate\Database\Console\Migrations\MigrateCommand.php:109
at vendor\laravel\framework\src\Illuminate\Database\Console\Migrations\MigrateCommand.php:88
at vendor\laravel\framework\src\Illuminate\Container\BoundMethod.php:36
at vendor\laravel\framework\src\Illuminate\Container\Util.php:43
at vendor\laravel\framework\src\Illuminate\Container\BoundMethod.php:96
at vendor\laravel\framework\src\Illuminate\Container\BoundMethod.php:35
at vendor\laravel\framework\src\Illuminate\Container\Container.php:799
at vendor\laravel\framework\src\Illuminate\Console\Command.php:211
at vendor\symfony\console\Command\Command.php:341
at vendor\laravel\framework\src\Illuminate\Console\Command.php:180
at vendor\laravel\framework\src\Illuminate\Console\Concerns\CallsCommands.php:68
at vendor\laravel\framework\src\Illuminate\Console\Concerns\CallsCommands.php:29
at vendor\laravel\framework\src\Illuminate\Database\Console\Migrations\FreshCommand.php:81
at vendor\laravel\framework\src\Illuminate\Container\BoundMethod.php:36
at vendor\laravel\framework\src\Illuminate\Container\Util.php:43
at vendor\laravel\framework\src\Illuminate\Container\BoundMethod.php:96
at vendor\laravel\framework\src\Illuminate\Container\BoundMethod.php:35
at vendor\laravel\framework\src\Illuminate\Container\Container.php:799
at vendor\laravel\framework\src\Illuminate\Console\Command.php:211
at vendor\symfony\console\Command\Command.php:341
at vendor\laravel\framework\src\Illuminate\Console\Command.php:180
at vendor\symfony\console\Application.php:1079
at vendor\symfony\console\Application.php:356
at vendor\symfony\console\Application.php:195
at vendor\laravel\framework\src\Illuminate\Console\Application.php:165
at vendor\laravel\framework\src\Illuminate\Foundation\Console\Kernel.php:447
at vendor\laravel\framework\src\Illuminate\Testing\PendingCommand.php:451
at vendor\laravel\framework\src\Illuminate\Testing\PendingCommand.php:675
at vendor\laravel\framework\src\Illuminate\Foundation\Testing\Concerns\InteractsWithConsole.php:87
at vendor\laravel\framework\src\Illuminate\Foundation\Testing\RefreshDatabase.php:119
at vendor\laravel\framework\src\Illuminate\Foundation\Testing\RefreshDatabase.php:84
at vendor\laravel\framework\src\Illuminate\Foundation\Testing\RefreshDatabase.php:25
at vendor\laravel\framework\src\Illuminate\Foundation\Testing\Concerns\InteractsWithTestCaseLifecycle.php:217
at vendor\laravel\framework\src\Illuminate\Foundation\Testing\Concerns\InteractsWithTestCaseLifecycle.php:101
at vendor\laravel\framework\src\Illuminate\Foundation\Testing\TestCase.php:63
Caused by
PDOException: SQLSTATE[HY000]: General error: 1 error in index pages_slug_unique after drop column: no such column: "slug" - should this be a string literal in single-quotes?

at vendor\laravel\framework\src\Illuminate\Database\Connection.php:584
at vendor\laravel\framework\src\Illuminate\Database\Connection.php:827
at vendor\laravel\framework\src\Illuminate\Database\Connection.php:794
at vendor\laravel\framework\src\Illuminate\Database\Connection.php:573
at vendor\laravel\framework\src\Illuminate\Database\Schema\Blueprint.php:121
at vendor\laravel\framework\src\Illuminate\Database\Schema\Builder.php:686
at vendor\laravel\framework\src\Illuminate\Database\Schema\Builder.php:494
at vendor\laravel\framework\src\Illuminate\Support\Facades\Facade.php:363
at database\migrations\2026_02_27_090633_update_pages_table_use_title.php:14
at vendor\laravel\framework\src\Illuminate\Database\Migrations\Migrator.php:517
at vendor\laravel\framework\src\Illuminate\Database\Migrations\Migrator.php:442
at vendor\laravel\framework\src\Illuminate\Database\Migrations\Migrator.php:451
at vendor\laravel\framework\src\Illuminate\Database\Migrations\Migrator.php:253
at vendor\laravel\framework\src\Illuminate\Console\View\Components\Task.php:41
at vendor\laravel\framework\src\Illuminate\Database\Migrations\Migrator.php:814
at vendor\laravel\framework\src\Illuminate\Database\Migrations\Migrator.php:253
at vendor\laravel\framework\src\Illuminate\Database\Migrations\Migrator.php:211
at vendor\laravel\framework\src\Illuminate\Database\Migrations\Migrator.php:138
at vendor\laravel\framework\src\Illuminate\Database\Console\Migrations\MigrateCommand.php:116
at vendor\laravel\framework\src\Illuminate\Database\Migrations\Migrator.php:671
at vendor\laravel\framework\src\Illuminate\Database\Console\Migrations\MigrateCommand.php:109
at vendor\laravel\framework\src\Illuminate\Database\Console\Migrations\MigrateCommand.php:88
at vendor\laravel\framework\src\Illuminate\Container\BoundMethod.php:36
at vendor\laravel\framework\src\Illuminate\Container\Util.php:43
at vendor\laravel\framework\src\Illuminate\Container\BoundMethod.php:96
at vendor\laravel\framework\src\Illuminate\Container\BoundMethod.php:35
at vendor\laravel\framework\src\Illuminate\Container\Container.php:799
at vendor\laravel\framework\src\Illuminate\Console\Command.php:211
at vendor\symfony\console\Command\Command.php:341
at vendor\laravel\framework\src\Illuminate\Console\Command.php:180
at vendor\laravel\framework\src\Illuminate\Console\Concerns\CallsCommands.php:68
at vendor\laravel\framework\src\Illuminate\Console\Concerns\CallsCommands.php:29
at vendor\laravel\framework\src\Illuminate\Database\Console\Migrations\FreshCommand.php:81
at vendor\laravel\framework\src\Illuminate\Container\BoundMethod.php:36
at vendor\laravel\framework\src\Illuminate\Container\Util.php:43
at vendor\laravel\framework\src\Illuminate\Container\BoundMethod.php:96
at vendor\laravel\framework\src\Illuminate\Container\BoundMethod.php:35
at vendor\laravel\framework\src\Illuminate\Container\Container.php:799
at vendor\laravel\framework\src\Illuminate\Console\Command.php:211
at vendor\symfony\console\Command\Command.php:341
at vendor\laravel\framework\src\Illuminate\Console\Command.php:180
at vendor\symfony\console\Application.php:1079
at vendor\symfony\console\Application.php:356
at vendor\symfony\console\Application.php:195
at vendor\laravel\framework\src\Illuminate\Console\Application.php:165
at vendor\laravel\framework\src\Illuminate\Foundation\Console\Kernel.php:447
at vendor\laravel\framework\src\Illuminate\Testing\PendingCommand.php:451
at vendor\laravel\framework\src\Illuminate\Testing\PendingCommand.php:675
at vendor\laravel\framework\src\Illuminate\Foundation\Testing\Concerns\InteractsWithConsole.php:87
at vendor\laravel\framework\src\Illuminate\Foundation\Testing\RefreshDatabase.php:119
at vendor\laravel\framework\src\Illuminate\Foundation\Testing\RefreshDatabase.php:84
at vendor\laravel\framework\src\Illuminate\Foundation\Testing\RefreshDatabase.php:25
at vendor\laravel\framework\src\Illuminate\Foundation\Testing\Concerns\InteractsWithTestCaseLifecycle.php:217
at vendor\laravel\framework\src\Illuminate\Foundation\Testing\Concerns\InteractsWithTestCaseLifecycle.php:101
at vendor\laravel\framework\src\Illuminate\Foundation\Testing\TestCase.php:63</error>
        </testcase>
        <testcase name="can update order with more files" file="tests\Feature\OrderApiTest.php::can update order with more files" class="Tests\Feature\OrderApiTest" classname="Tests.Feature.OrderApiTest" assertions="0" time="0.000000">
          <error type="Illuminate\Database\QueryException">can update order with more filesIlluminate\Database\QueryException: SQLSTATE[HY000]: General error: 1 error in index pages_slug_unique after drop column: no such column: "slug" - should this be a string literal in single-quotes? (Connection: sqlite, Database: :memory:, SQL: alter table "pages" drop column "slug")&#13;
at vendor\laravel\framework\src\Illuminate\Database\Connection.php:584
at vendor\laravel\framework\src\Illuminate\Database\Connection.php:827
at vendor\laravel\framework\src\Illuminate\Database\Connection.php:794
at vendor\laravel\framework\src\Illuminate\Database\Connection.php:573
at vendor\laravel\framework\src\Illuminate\Database\Schema\Blueprint.php:121
at vendor\laravel\framework\src\Illuminate\Database\Schema\Builder.php:686
at vendor\laravel\framework\src\Illuminate\Database\Schema\Builder.php:494
at vendor\laravel\framework\src\Illuminate\Support\Facades\Facade.php:363
at database\migrations\2026_02_27_090633_update_pages_table_use_title.php:14
at vendor\laravel\framework\src\Illuminate\Database\Migrations\Migrator.php:517
at vendor\laravel\framework\src\Illuminate\Database\Migrations\Migrator.php:442
at vendor\laravel\framework\src\Illuminate\Database\Migrations\Migrator.php:451
at vendor\laravel\framework\src\Illuminate\Database\Migrations\Migrator.php:253
at vendor\laravel\framework\src\Illuminate\Console\View\Components\Task.php:41
at vendor\laravel\framework\src\Illuminate\Database\Migrations\Migrator.php:814
at vendor\laravel\framework\src\Illuminate\Database\Migrations\Migrator.php:253
at vendor\laravel\framework\src\Illuminate\Database\Migrations\Migrator.php:211
at vendor\laravel\framework\src\Illuminate\Database\Migrations\Migrator.php:138
at vendor\laravel\framework\src\Illuminate\Database\Console\Migrations\MigrateCommand.php:116
at vendor\laravel\framework\src\Illuminate\Database\Migrations\Migrator.php:671
at vendor\laravel\framework\src\Illuminate\Database\Console\Migrations\MigrateCommand.php:109
at vendor\laravel\framework\src\Illuminate\Database\Console\Migrations\MigrateCommand.php:88
at vendor\laravel\framework\src\Illuminate\Container\BoundMethod.php:36
at vendor\laravel\framework\src\Illuminate\Container\Util.php:43
at vendor\laravel\framework\src\Illuminate\Container\BoundMethod.php:96
at vendor\laravel\framework\src\Illuminate\Container\BoundMethod.php:35
at vendor\laravel\framework\src\Illuminate\Container\Container.php:799
at vendor\laravel\framework\src\Illuminate\Console\Command.php:211
at vendor\symfony\console\Command\Command.php:341
at vendor\laravel\framework\src\Illuminate\Console\Command.php:180
at vendor\laravel\framework\src\Illuminate\Console\Concerns\CallsCommands.php:68
at vendor\laravel\framework\src\Illuminate\Console\Concerns\CallsCommands.php:29
at vendor\laravel\framework\src\Illuminate\Database\Console\Migrations\FreshCommand.php:81
at vendor\laravel\framework\src\Illuminate\Container\BoundMethod.php:36
at vendor\laravel\framework\src\Illuminate\Container\Util.php:43
at vendor\laravel\framework\src\Illuminate\Container\BoundMethod.php:96
at vendor\laravel\framework\src\Illuminate\Container\BoundMethod.php:35
at vendor\laravel\framework\src\Illuminate\Container\Container.php:799
at vendor\laravel\framework\src\Illuminate\Console\Command.php:211
at vendor\symfony\console\Command\Command.php:341
at vendor\laravel\framework\src\Illuminate\Console\Command.php:180
at vendor\symfony\console\Application.php:1079
at vendor\symfony\console\Application.php:356
at vendor\symfony\console\Application.php:195
at vendor\laravel\framework\src\Illuminate\Console\Application.php:165
at vendor\laravel\framework\src\Illuminate\Foundation\Console\Kernel.php:447
at vendor\laravel\framework\src\Illuminate\Testing\PendingCommand.php:451
at vendor\laravel\framework\src\Illuminate\Testing\PendingCommand.php:675
at vendor\laravel\framework\src\Illuminate\Foundation\Testing\Concerns\InteractsWithConsole.php:87
at vendor\laravel\framework\src\Illuminate\Foundation\Testing\RefreshDatabase.php:119
at vendor\laravel\framework\src\Illuminate\Foundation\Testing\RefreshDatabase.php:84
at vendor\laravel\framework\src\Illuminate\Foundation\Testing\RefreshDatabase.php:25
at vendor\laravel\framework\src\Illuminate\Foundation\Testing\Concerns\InteractsWithTestCaseLifecycle.php:217
at vendor\laravel\framework\src\Illuminate\Foundation\Testing\Concerns\InteractsWithTestCaseLifecycle.php:101
at vendor\laravel\framework\src\Illuminate\Foundation\Testing\TestCase.php:63
Caused by
PDOException: SQLSTATE[HY000]: General error: 1 error in index pages_slug_unique after drop column: no such column: "slug" - should this be a string literal in single-quotes?

at vendor\laravel\framework\src\Illuminate\Database\Connection.php:584
at vendor\laravel\framework\src\Illuminate\Database\Connection.php:827
at vendor\laravel\framework\src\Illuminate\Database\Connection.php:794
at vendor\laravel\framework\src\Illuminate\Database\Connection.php:573
at vendor\laravel\framework\src\Illuminate\Database\Schema\Blueprint.php:121
at vendor\laravel\framework\src\Illuminate\Database\Schema\Builder.php:686
at vendor\laravel\framework\src\Illuminate\Database\Schema\Builder.php:494
at vendor\laravel\framework\src\Illuminate\Support\Facades\Facade.php:363
at database\migrations\2026_02_27_090633_update_pages_table_use_title.php:14
at vendor\laravel\framework\src\Illuminate\Database\Migrations\Migrator.php:517
at vendor\laravel\framework\src\Illuminate\Database\Migrations\Migrator.php:442
at vendor\laravel\framework\src\Illuminate\Database\Migrations\Migrator.php:451
at vendor\laravel\framework\src\Illuminate\Database\Migrations\Migrator.php:253
at vendor\laravel\framework\src\Illuminate\Console\View\Components\Task.php:41
at vendor\laravel\framework\src\Illuminate\Database\Migrations\Migrator.php:814
at vendor\laravel\framework\src\Illuminate\Database\Migrations\Migrator.php:253
at vendor\laravel\framework\src\Illuminate\Database\Migrations\Migrator.php:211
at vendor\laravel\framework\src\Illuminate\Database\Migrations\Migrator.php:138
at vendor\laravel\framework\src\Illuminate\Database\Console\Migrations\MigrateCommand.php:116
at vendor\laravel\framework\src\Illuminate\Database\Migrations\Migrator.php:671
at vendor\laravel\framework\src\Illuminate\Database\Console\Migrations\MigrateCommand.php:109
at vendor\laravel\framework\src\Illuminate\Database\Console\Migrations\MigrateCommand.php:88
at vendor\laravel\framework\src\Illuminate\Container\BoundMethod.php:36
at vendor\laravel\framework\src\Illuminate\Container\Util.php:43
at vendor\laravel\framework\src\Illuminate\Container\BoundMethod.php:96
at vendor\laravel\framework\src\Illuminate\Container\BoundMethod.php:35
at vendor\laravel\framework\src\Illuminate\Container\Container.php:799
at vendor\laravel\framework\src\Illuminate\Console\Command.php:211
at vendor\symfony\console\Command\Command.php:341
at vendor\laravel\framework\src\Illuminate\Console\Command.php:180
at vendor\laravel\framework\src\Illuminate\Console\Concerns\CallsCommands.php:68
at vendor\laravel\framework\src\Illuminate\Console\Concerns\CallsCommands.php:29
at vendor\laravel\framework\src\Illuminate\Database\Console\Migrations\FreshCommand.php:81
at vendor\laravel\framework\src\Illuminate\Container\BoundMethod.php:36
at vendor\laravel\framework\src\Illuminate\Container\Util.php:43
at vendor\laravel\framework\src\Illuminate\Container\BoundMethod.php:96
at vendor\laravel\framework\src\Illuminate\Container\BoundMethod.php:35
at vendor\laravel\framework\src\Illuminate\Container\Container.php:799
at vendor\laravel\framework\src\Illuminate\Console\Command.php:211
at vendor\symfony\console\Command\Command.php:341
at vendor\laravel\framework\src\Illuminate\Console\Command.php:180
at vendor\symfony\console\Application.php:1079
at vendor\symfony\console\Application.php:356
at vendor\symfony\console\Application.php:195
at vendor\laravel\framework\src\Illuminate\Console\Application.php:165
at vendor\laravel\framework\src\Illuminate\Foundation\Console\Kernel.php:447
at vendor\laravel\framework\src\Illuminate\Testing\PendingCommand.php:451
at vendor\laravel\framework\src\Illuminate\Testing\PendingCommand.php:675
at vendor\laravel\framework\src\Illuminate\Foundation\Testing\Concerns\InteractsWithConsole.php:87
at vendor\laravel\framework\src\Illuminate\Foundation\Testing\RefreshDatabase.php:119
at vendor\laravel\framework\src\Illuminate\Foundation\Testing\RefreshDatabase.php:84
at vendor\laravel\framework\src\Illuminate\Foundation\Testing\RefreshDatabase.php:25
at vendor\laravel\framework\src\Illuminate\Foundation\Testing\Concerns\InteractsWithTestCaseLifecycle.php:217
at vendor\laravel\framework\src\Illuminate\Foundation\Testing\Concerns\InteractsWithTestCaseLifecycle.php:101
at vendor\laravel\framework\src\Illuminate\Foundation\Testing\TestCase.php:63</error>
        </testcase>
      </testsuite>
    </testsuite>
  </testsuite>
</testsuites>
